14:01:38 **** Clean-only build of configuration Debug for project Lab5 ****
make clean 
rm -rf  ./src/main.o  ./src/main.d  Lab5.elf.size  Lab5.elf
' '
14:01:38 **** Clean-only build of project Lab5_bsp ****
make -k clean 
make -C ps7_cortexa9_0/libsrc/clk_wiz_v1_2/src -s clean 
make -C ps7_cortexa9_0/libsrc/coresightps_dcc_v1_4/src -s clean 
make -C ps7_cortexa9_0/libsrc/cpu_cortexa9_v2_5/src -s clean 
make -C ps7_cortexa9_0/libsrc/ddrps_v1_0/src -s clean 
make -C ps7_cortexa9_0/libsrc/devcfg_v3_5/src -s clean 
make -C ps7_cortexa9_0/libsrc/dmaps_v2_3/src -s clean 
make -C ps7_cortexa9_0/libsrc/emacps_v3_5/src -s clean 
make -C ps7_cortexa9_0/libsrc/gpiops_v3_3/src -s clean 
make -C ps7_cortexa9_0/libsrc/qspips_v3_4/src -s clean 
make -C ps7_cortexa9_0/libsrc/scugic_v3_8/src -s clean 
make -C ps7_cortexa9_0/libsrc/scutimer_v2_1/src -s clean 
make -C ps7_cortexa9_0/libsrc/scuwdt_v2_1/src -s clean 
make -C ps7_cortexa9_0/libsrc/standalone_v6_4/src -s clean 
make -C ps7_cortexa9_0/libsrc/uartps_v3_4/src -s clean 
make -C ps7_cortexa9_0/libsrc/xadcps_v2_2/src -s clean 
make -C ps7_cortexa9_0/libsrc/Zybo_VGA_Reconfigurable_v1_0/src -s clean 
rm: cannot lstat `*.o': Invalid argument
make[1]: *** [clean] Error 1
make: *** [ps7_cortexa9_0/libsrc/Zybo_VGA_Reconfigurable_v1_0/src/make.clean] Error 2
make: Target `clean' not remade because of errors.
14:01:40 **** Build of project Lab5_bsp ****
make -k all 
"Running Make include in ps7_cortexa9_0/libsrc/clk_wiz_v1_2/src"
make -C ps7_cortexa9_0/libsrc/clk_wiz_v1_2/src -s include  "SHELL=CMD" "COMPILER=arm-none-eabi-gcc" "ARCHIVER=arm-none-eabi-ar" "COMPILER_FLAGS=  -O2 -c" "EXTRA_COMPILER_FLAGS=-mcpu=cortex-a9 -mfpu=vfpv3 -mfloat-abi=hard -nostartfiles -Wall -Wextra"
"Running Make include in ps7_cortexa9_0/libsrc/coresightps_dcc_v1_4/src"
make -C ps7_cortexa9_0/libsrc/coresightps_dcc_v1_4/src -s include  "SHELL=CMD" "COMPILER=arm-none-eabi-gcc" "ARCHIVER=arm-none-eabi-ar" "COMPILER_FLAGS=  -O2 -c" "EXTRA_COMPILER_FLAGS=-mcpu=cortex-a9 -mfpu=vfpv3 -mfloat-abi=hard -nostartfiles -Wall -Wextra"
"Running Make include in ps7_cortexa9_0/libsrc/cpu_cortexa9_v2_5/src"
make -C ps7_cortexa9_0/libsrc/cpu_cortexa9_v2_5/src -s include  "SHELL=CMD" "COMPILER=arm-none-eabi-gcc" "ARCHIVER=arm-none-eabi-ar" "COMPILER_FLAGS=  -O2 -c" "EXTRA_COMPILER_FLAGS=-mcpu=cortex-a9 -mfpu=vfpv3 -mfloat-abi=hard -nostartfiles -Wall -Wextra"
"Running Make include in ps7_cortexa9_0/libsrc/ddrps_v1_0/src"
make -C ps7_cortexa9_0/libsrc/ddrps_v1_0/src -s include  "SHELL=CMD" "COMPILER=arm-none-eabi-gcc" "ARCHIVER=arm-none-eabi-ar" "COMPILER_FLAGS=  -O2 -c" "EXTRA_COMPILER_FLAGS=-mcpu=cortex-a9 -mfpu=vfpv3 -mfloat-abi=hard -nostartfiles -Wall -Wextra"
"Running Make include in ps7_cortexa9_0/libsrc/devcfg_v3_5/src"
make -C ps7_cortexa9_0/libsrc/devcfg_v3_5/src -s include  "SHELL=CMD" "COMPILER=arm-none-eabi-gcc" "ARCHIVER=arm-none-eabi-ar" "COMPILER_FLAGS=  -O2 -c" "EXTRA_COMPILER_FLAGS=-mcpu=cortex-a9 -mfpu=vfpv3 -mfloat-abi=hard -nostartfiles -Wall -Wextra"
"Running Make include in ps7_cortexa9_0/libsrc/dmaps_v2_3/src"
make -C ps7_cortexa9_0/libsrc/dmaps_v2_3/src -s include  "SHELL=CMD" "COMPILER=arm-none-eabi-gcc" "ARCHIVER=arm-none-eabi-ar" "COMPILER_FLAGS=  -O2 -c" "EXTRA_COMPILER_FLAGS=-mcpu=cortex-a9 -mfpu=vfpv3 -mfloat-abi=hard -nostartfiles -Wall -Wextra"
"Running Make include in ps7_cortexa9_0/libsrc/emacps_v3_5/src"
make -C ps7_cortexa9_0/libsrc/emacps_v3_5/src -s include  "SHELL=CMD" "COMPILER=arm-none-eabi-gcc" "ARCHIVER=arm-none-eabi-ar" "COMPILER_FLAGS=  -O2 -c" "EXTRA_COMPILER_FLAGS=-mcpu=cortex-a9 -mfpu=vfpv3 -mfloat-abi=hard -nostartfiles -Wall -Wextra"
"Running Make include in ps7_cortexa9_0/libsrc/gpiops_v3_3/src"
make -C ps7_cortexa9_0/libsrc/gpiops_v3_3/src -s include  "SHELL=CMD" "COMPILER=arm-none-eabi-gcc" "ARCHIVER=arm-none-eabi-ar" "COMPILER_FLAGS=  -O2 -c" "EXTRA_COMPILER_FLAGS=-mcpu=cortex-a9 -mfpu=vfpv3 -mfloat-abi=hard -nostartfiles -Wall -Wextra"
"Running Make include in ps7_cortexa9_0/libsrc/qspips_v3_4/src"
make -C ps7_cortexa9_0/libsrc/qspips_v3_4/src -s include  "SHELL=CMD" "COMPILER=arm-none-eabi-gcc" "ARCHIVER=arm-none-eabi-ar" "COMPILER_FLAGS=  -O2 -c" "EXTRA_COMPILER_FLAGS=-mcpu=cortex-a9 -mfpu=vfpv3 -mfloat-abi=hard -nostartfiles -Wall -Wextra"
"Running Make include in ps7_cortexa9_0/libsrc/scugic_v3_8/src"
make -C ps7_cortexa9_0/libsrc/scugic_v3_8/src -s include  "SHELL=CMD" "COMPILER=arm-none-eabi-gcc" "ARCHIVER=arm-none-eabi-ar" "COMPILER_FLAGS=  -O2 -c" "EXTRA_COMPILER_FLAGS=-mcpu=cortex-a9 -mfpu=vfpv3 -mfloat-abi=hard -nostartfiles -Wall -Wextra"
"Running Make include in ps7_cortexa9_0/libsrc/scutimer_v2_1/src"
make -C ps7_cortexa9_0/libsrc/scutimer_v2_1/src -s include  "SHELL=CMD" "COMPILER=arm-none-eabi-gcc" "ARCHIVER=arm-none-eabi-ar" "COMPILER_FLAGS=  -O2 -c" "EXTRA_COMPILER_FLAGS=-mcpu=cortex-a9 -mfpu=vfpv3 -mfloat-abi=hard -nostartfiles -Wall -Wextra"
"Running Make include in ps7_cortexa9_0/libsrc/scuwdt_v2_1/src"
make -C ps7_cortexa9_0/libsrc/scuwdt_v2_1/src -s include  "SHELL=CMD" "COMPILER=arm-none-eabi-gcc" "ARCHIVER=arm-none-eabi-ar" "COMPILER_FLAGS=  -O2 -c" "EXTRA_COMPILER_FLAGS=-mcpu=cortex-a9 -mfpu=vfpv3 -mfloat-abi=hard -nostartfiles -Wall -Wextra"
"Running Make include in ps7_cortexa9_0/libsrc/standalone_v6_4/src"
make -C ps7_cortexa9_0/libsrc/standalone_v6_4/src -s include  "SHELL=CMD" "COMPILER=arm-none-eabi-gcc" "ARCHIVER=arm-none-eabi-ar" "COMPILER_FLAGS=  -O2 -c" "EXTRA_COMPILER_FLAGS=-mcpu=cortex-a9 -mfpu=vfpv3 -mfloat-abi=hard -nostartfiles -Wall -Wextra"
"Running Make include in ps7_cortexa9_0/libsrc/uartps_v3_4/src"
make -C ps7_cortexa9_0/libsrc/uartps_v3_4/src -s include  "SHELL=CMD" "COMPILER=arm-none-eabi-gcc" "ARCHIVER=arm-none-eabi-ar" "COMPILER_FLAGS=  -O2 -c" "EXTRA_COMPILER_FLAGS=-mcpu=cortex-a9 -mfpu=vfpv3 -mfloat-abi=hard -nostartfiles -Wall -Wextra"
"Running Make include in ps7_cortexa9_0/libsrc/xadcps_v2_2/src"
make -C ps7_cortexa9_0/libsrc/xadcps_v2_2/src -s include  "SHELL=CMD" "COMPILER=arm-none-eabi-gcc" "ARCHIVER=arm-none-eabi-ar" "COMPILER_FLAGS=  -O2 -c" "EXTRA_COMPILER_FLAGS=-mcpu=cortex-a9 -mfpu=vfpv3 -mfloat-abi=hard -nostartfiles -Wall -Wextra"
"Running Make include in ps7_cortexa9_0/libsrc/Zybo_VGA_Reconfigurable_v1_0/src"
make -C ps7_cortexa9_0/libsrc/Zybo_VGA_Reconfigurable_v1_0/src -s include  "SHELL=CMD" "COMPILER=arm-none-eabi-gcc" "ARCHIVER=arm-none-eabi-ar" "COMPILER_FLAGS=  -O2 -c" "EXTRA_COMPILER_FLAGS=-mcpu=cortex-a9 -mfpu=vfpv3 -mfloat-abi=hard -nostartfiles -Wall -Wextra"
"Running Make libs in ps7_cortexa9_0/libsrc/clk_wiz_v1_2/src"
make -C ps7_cortexa9_0/libsrc/clk_wiz_v1_2/src -s libs  "SHELL=CMD" "COMPILER=arm-none-eabi-gcc" "ARCHIVER=arm-none-eabi-ar" "COMPILER_FLAGS=  -O2 -c" "EXTRA_COMPILER_FLAGS=-mcpu=cortex-a9 -mfpu=vfpv3 -mfloat-abi=hard -nostartfiles -Wall -Wextra"
"Compiling Clkocking Wizard"
arm-none-eabi-ar: creating ../../../lib/libxil.a
"Running Make libs in ps7_cortexa9_0/libsrc/coresightps_dcc_v1_4/src"
make -C ps7_cortexa9_0/libsrc/coresightps_dcc_v1_4/src -s libs  "SHELL=CMD" "COMPILER=arm-none-eabi-gcc" "ARCHIVER=arm-none-eabi-ar" "COMPILER_FLAGS=  -O2 -c" "EXTRA_COMPILER_FLAGS=-mcpu=cortex-a9 -mfpu=vfpv3 -mfloat-abi=hard -nostartfiles -Wall -Wextra"
"Compiling coresightps_dcc"
"Running Make libs in ps7_cortexa9_0/libsrc/cpu_cortexa9_v2_5/src"
make -C ps7_cortexa9_0/libsrc/cpu_cortexa9_v2_5/src -s libs  "SHELL=CMD" "COMPILER=arm-none-eabi-gcc" "ARCHIVER=arm-none-eabi-ar" "COMPILER_FLAGS=  -O2 -c" "EXTRA_COMPILER_FLAGS=-mcpu=cortex-a9 -mfpu=vfpv3 -mfloat-abi=hard -nostartfiles -Wall -Wextra"
"Compiling cpu_cortexa9"
"Running Make libs in ps7_cortexa9_0/libsrc/ddrps_v1_0/src"
make -C ps7_cortexa9_0/libsrc/ddrps_v1_0/src -s libs  "SHELL=CMD" "COMPILER=arm-none-eabi-gcc" "ARCHIVER=arm-none-eabi-ar" "COMPILER_FLAGS=  -O2 -c" "EXTRA_COMPILER_FLAGS=-mcpu=cortex-a9 -mfpu=vfpv3 -mfloat-abi=hard -nostartfiles -Wall -Wextra"
"Compiling ddrps"
"Running Make libs in ps7_cortexa9_0/libsrc/devcfg_v3_5/src"
make -C ps7_cortexa9_0/libsrc/devcfg_v3_5/src -s libs  "SHELL=CMD" "COMPILER=arm-none-eabi-gcc" "ARCHIVER=arm-none-eabi-ar" "COMPILER_FLAGS=  -O2 -c" "EXTRA_COMPILER_FLAGS=-mcpu=cortex-a9 -mfpu=vfpv3 -mfloat-abi=hard -nostartfiles -Wall -Wextra"
"Compiling devcfg"
"Running Make libs in ps7_cortexa9_0/libsrc/dmaps_v2_3/src"
make -C ps7_cortexa9_0/libsrc/dmaps_v2_3/src -s libs  "SHELL=CMD" "COMPILER=arm-none-eabi-gcc" "ARCHIVER=arm-none-eabi-ar" "COMPILER_FLAGS=  -O2 -c" "EXTRA_COMPILER_FLAGS=-mcpu=cortex-a9 -mfpu=vfpv3 -mfloat-abi=hard -nostartfiles -Wall -Wextra"
"Compiling dmaps"
"Running Make libs in ps7_cortexa9_0/libsrc/emacps_v3_5/src"
make -C ps7_cortexa9_0/libsrc/emacps_v3_5/src -s libs  "SHELL=CMD" "COMPILER=arm-none-eabi-gcc" "ARCHIVER=arm-none-eabi-ar" "COMPILER_FLAGS=  -O2 -c" "EXTRA_COMPILER_FLAGS=-mcpu=cortex-a9 -mfpu=vfpv3 -mfloat-abi=hard -nostartfiles -Wall -Wextra"
"Compiling emacps"
"Running Make libs in ps7_cortexa9_0/libsrc/gpiops_v3_3/src"
make -C ps7_cortexa9_0/libsrc/gpiops_v3_3/src -s libs  "SHELL=CMD" "COMPILER=arm-none-eabi-gcc" "ARCHIVER=arm-none-eabi-ar" "COMPILER_FLAGS=  -O2 -c" "EXTRA_COMPILER_FLAGS=-mcpu=cortex-a9 -mfpu=vfpv3 -mfloat-abi=hard -nostartfiles -Wall -Wextra"
"Compiling gpiops"
"Running Make libs in ps7_cortexa9_0/libsrc/qspips_v3_4/src"
make -C ps7_cortexa9_0/libsrc/qspips_v3_4/src -s libs  "SHELL=CMD" "COMPILER=arm-none-eabi-gcc" "ARCHIVER=arm-none-eabi-ar" "COMPILER_FLAGS=  -O2 -c" "EXTRA_COMPILER_FLAGS=-mcpu=cortex-a9 -mfpu=vfpv3 -mfloat-abi=hard -nostartfiles -Wall -Wextra"
"Compiling qspips"
"Running Make libs in ps7_cortexa9_0/libsrc/scugic_v3_8/src"
make -C ps7_cortexa9_0/libsrc/scugic_v3_8/src -s libs  "SHELL=CMD" "COMPILER=arm-none-eabi-gcc" "ARCHIVER=arm-none-eabi-ar" "COMPILER_FLAGS=  -O2 -c" "EXTRA_COMPILER_FLAGS=-mcpu=cortex-a9 -mfpu=vfpv3 -mfloat-abi=hard -nostartfiles -Wall -Wextra"
"Compiling scugic"
"Running Make libs in ps7_cortexa9_0/libsrc/scutimer_v2_1/src"
make -C ps7_cortexa9_0/libsrc/scutimer_v2_1/src -s libs  "SHELL=CMD" "COMPILER=arm-none-eabi-gcc" "ARCHIVER=arm-none-eabi-ar" "COMPILER_FLAGS=  -O2 -c" "EXTRA_COMPILER_FLAGS=-mcpu=cortex-a9 -mfpu=vfpv3 -mfloat-abi=hard -nostartfiles -Wall -Wextra"
"Compiling scutimer"
"Running Make libs in ps7_cortexa9_0/libsrc/scuwdt_v2_1/src"
make -C ps7_cortexa9_0/libsrc/scuwdt_v2_1/src -s libs  "SHELL=CMD" "COMPILER=arm-none-eabi-gcc" "ARCHIVER=arm-none-eabi-ar" "COMPILER_FLAGS=  -O2 -c" "EXTRA_COMPILER_FLAGS=-mcpu=cortex-a9 -mfpu=vfpv3 -mfloat-abi=hard -nostartfiles -Wall -Wextra"
"Compiling scuwdt"
"Running Make libs in ps7_cortexa9_0/libsrc/standalone_v6_4/src"
make -C ps7_cortexa9_0/libsrc/standalone_v6_4/src -s libs  "SHELL=CMD" "COMPILER=arm-none-eabi-gcc" "ARCHIVER=arm-none-eabi-ar" "COMPILER_FLAGS=  -O2 -c" "EXTRA_COMPILER_FLAGS=-mcpu=cortex-a9 -mfpu=vfpv3 -mfloat-abi=hard -nostartfiles -Wall -Wextra"
"Compiling standalone"
"Running Make libs in ps7_cortexa9_0/libsrc/uartps_v3_4/src"
make -C ps7_cortexa9_0/libsrc/uartps_v3_4/src -s libs  "SHELL=CMD" "COMPILER=arm-none-eabi-gcc" "ARCHIVER=arm-none-eabi-ar" "COMPILER_FLAGS=  -O2 -c" "EXTRA_COMPILER_FLAGS=-mcpu=cortex-a9 -mfpu=vfpv3 -mfloat-abi=hard -nostartfiles -Wall -Wextra"
"Compiling uartps"
"Running Make libs in ps7_cortexa9_0/libsrc/xadcps_v2_2/src"
make -C ps7_cortexa9_0/libsrc/xadcps_v2_2/src -s libs  "SHELL=CMD" "COMPILER=arm-none-eabi-gcc" "ARCHIVER=arm-none-eabi-ar" "COMPILER_FLAGS=  -O2 -c" "EXTRA_COMPILER_FLAGS=-mcpu=cortex-a9 -mfpu=vfpv3 -mfloat-abi=hard -nostartfiles -Wall -Wextra"
"Compiling xadcps"
"Running Make libs in ps7_cortexa9_0/libsrc/Zybo_VGA_Reconfigurable_v1_0/src"
make -C ps7_cortexa9_0/libsrc/Zybo_VGA_Reconfigurable_v1_0/src -s libs  "SHELL=CMD" "COMPILER=arm-none-eabi-gcc" "ARCHIVER=arm-none-eabi-ar" "COMPILER_FLAGS=  -O2 -c" "EXTRA_COMPILER_FLAGS=-mcpu=cortex-a9 -mfpu=vfpv3 -mfloat-abi=hard -nostartfiles -Wall -Wextra"
"Compiling Zybo_VGA_Reconfigurable..."
Zybo_VGA_Reconfigurable_selftest.c: In function 'ZYBO_VGA_RECONFIGURABLE_Reg_SelfTest':
Zybo_VGA_Reconfigurable_selftest.c:52:72: warning: comparison between signed and unsigned integer expressions [-Wsign-compare]
    if ( ZYBO_VGA_RECONFIGURABLE_mReadReg (baseaddr, read_loop_index*4) != (read_loop_index+1)*READ_WRITE_MUL_FACTOR){
                                                                        ^~
Zybo_VGA_Reconfigurable_selftest.c:36:6: warning: unused variable 'Index' [-Wunused-variable]
  int Index;
      ^~~~~
'Finished building libraries'
14:01:57 **** Build of configuration Debug for project Lab5 ****
make pre-build main-build 
a9-linaro-pre-build-step
' '
'Building file: ../src/main.c'
'Invoking: ARM v7 gcc compiler'
arm-none-eabi-gcc -Wall -O0 -g3 -c -fmessage-length=0 -MT"src/main.o" -mcpu=cortex-a9 -mfpu=vfpv3 -mfloat-abi=hard -I../../Lab5_bsp/ps7_cortexa9_0/include -MMD -MP -MF"src/main.d" -MT"src/main.o" -o "src/main.o" "../src/main.c"
../src/main.c: In function 'disp_enable':
../src/main.c:34:20: error: 'VGA_Disp_En' undeclared (first use in this function)
  writeValue((u32 *)VGA_Disp_En, (u32)1);
                    ^~~~~~~~~~~
../src/main.c:34:20: note: each undeclared identifier is reported only once for each function it appears in
../src/main.c: In function 'disp_disable':
../src/main.c:39:20: error: 'VGA_Disp_En' undeclared (first use in this function)
  writeValue((u32 *)VGA_Disp_En, (u32)1);
                    ^~~~~~~~~~~
../src/main.c: In function 'setConfig':
../src/main.c:90:3: warning: implicit declaration of function 'disp_diable' [-Wimplicit-function-declaration]
   disp_diable();
   ^~~~~~~~~~~
../src/main.c: At top level:
../src/main.c:142:6: warning: return type of 'main' is not 'int' [-Wmain]
 void main()
      ^~~~
make: *** [src/main.o] Error 1
14:03:10 **** Auto Build of configuration Debug for project Lab5 ****
make pre-build main-build 
a9-linaro-pre-build-step
' '
'Building file: ../src/main.c'
'Invoking: ARM v7 gcc compiler'
arm-none-eabi-gcc -Wall -O0 -g3 -c -fmessage-length=0 -MT"src/main.o" -mcpu=cortex-a9 -mfpu=vfpv3 -mfloat-abi=hard -I../../Lab5_bsp/ps7_cortexa9_0/include -MMD -MP -MF"src/main.d" -MT"src/main.o" -o "src/main.o" "../src/main.c"
../src/main.c: In function 'setConfig':
../src/main.c:90:3: warning: implicit declaration of function 'disp_diable' [-Wimplicit-function-declaration]
   disp_diable();
   ^~~~~~~~~~~
../src/main.c: At top level:
../src/main.c:142:6: warning: return type of 'main' is not 'int' [-Wmain]
 void main()
      ^~~~
'Finished building: ../src/main.c'
' '
'Building target: Lab5.elf'
'Invoking: ARM v7 gcc linker'
arm-none-eabi-gcc -mcpu=cortex-a9 -mfpu=vfpv3 -mfloat-abi=hard -Wl,-build-id=none -specs=Xilinx.spec -Wl,-T -Wl,../src/lscript.ld -L../../Lab5_bsp/ps7_cortexa9_0/lib -o "Lab5.elf"  ./src/main.o   -Wl,--start-group,-lxil,-lgcc,-lc,--end-group
./src/main.o: In function `setConfig':
C:\Users\jlrei\Documents\SourceTree\EE324_Lab5\EE324_Lab5.sdk\Lab5\Debug/../src/main.c:90: undefined reference to `disp_diable'
C:\Users\jlrei\Documents\SourceTree\EE324_Lab5\EE324_Lab5.sdk\Lab5\Debug/../src/main.c:99: undefined reference to `disp_diable'
C:\Users\jlrei\Documents\SourceTree\EE324_Lab5\EE324_Lab5.sdk\Lab5\Debug/../src/main.c:108: undefined reference to `disp_diable'
collect2.exe: error: ld returned 1 exit status
make: *** [Lab5.elf] Error 1
14:03:24 **** Auto Build of configuration Debug for project Lab5 ****
make pre-build main-build 
a9-linaro-pre-build-step
' '
'Building file: ../src/main.c'
'Invoking: ARM v7 gcc compiler'
arm-none-eabi-gcc -Wall -O0 -g3 -c -fmessage-length=0 -MT"src/main.o" -mcpu=cortex-a9 -mfpu=vfpv3 -mfloat-abi=hard -I../../Lab5_bsp/ps7_cortexa9_0/include -MMD -MP -MF"src/main.d" -MT"src/main.o" -o "src/main.o" "../src/main.c"
../src/main.c:142:6: warning: return type of 'main' is not 'int' [-Wmain]
 void main()
      ^~~~
'Finished building: ../src/main.c'
' '
'Building target: Lab5.elf'
'Invoking: ARM v7 gcc linker'
arm-none-eabi-gcc -mcpu=cortex-a9 -mfpu=vfpv3 -mfloat-abi=hard -Wl,-build-id=none -specs=Xilinx.spec -Wl,-T -Wl,../src/lscript.ld -L../../Lab5_bsp/ps7_cortexa9_0/lib -o "Lab5.elf"  ./src/main.o   -Wl,--start-group,-lxil,-lgcc,-lc,--end-group
'Finished building target: Lab5.elf'
' '
'Invoking: ARM v7 Print Size'
arm-none-eabi-size Lab5.elf  |tee "Lab5.elf.size"
   text	   data	    bss	    dec	    hex	filename
  20056	   1148	  22568	  43772	   aafc	Lab5.elf
'Finished building: Lab5.elf.size'
' '
09:21:26 **** Auto Build of configuration Debug for project Lab5 ****
make pre-build main-build 
a9-linaro-pre-build-step
' '
'Building file: ../src/main.c'
'Invoking: ARM v7 gcc compiler'
arm-none-eabi-gcc -Wall -O0 -g3 -c -fmessage-length=0 -MT"src/main.o" -mcpu=cortex-a9 -mfpu=vfpv3 -mfloat-abi=hard -I../../Lab5_bsp/ps7_cortexa9_0/include -MMD -MP -MF"src/main.d" -MT"src/main.o" -o "src/main.o" "../src/main.c"
../src/main.c:149:6: warning: return type of 'main' is not 'int' [-Wmain]
 void main()
      ^~~~
../src/main.c: In function 'main':
../src/main.c:165:4: error: expected ':' or '...' before 'case'
    case 0:
    ^~~~
../src/main.c:165:4: error: case label not within a switch statement
../src/main.c:169:4: error: case label not within a switch statement
    case 1:
    ^~~~
../src/main.c:173:4: error: case label not within a switch statement
    case 2:
    ^~~~
../src/main.c: In function 'msleep':
../src/main.c:147:1: warning: control reaches end of non-void function [-Wreturn-type]
 }
 ^
make: *** [src/main.o] Error 1
09:22:14 **** Auto Build of configuration Debug for project Lab5 ****
make pre-build main-build 
a9-linaro-pre-build-step
' '
'Building file: ../src/main.c'
'Invoking: ARM v7 gcc compiler'
arm-none-eabi-gcc -Wall -O0 -g3 -c -fmessage-length=0 -MT"src/main.o" -mcpu=cortex-a9 -mfpu=vfpv3 -mfloat-abi=hard -I../../Lab5_bsp/ps7_cortexa9_0/include -MMD -MP -MF"src/main.d" -MT"src/main.o" -o "src/main.o" "../src/main.c"
../src/main.c:149:6: warning: return type of 'main' is not 'int' [-Wmain]
 void main()
      ^~~~
../src/main.c: In function 'msleep':
../src/main.c:147:1: warning: control reaches end of non-void function [-Wreturn-type]
 }
 ^
'Finished building: ../src/main.c'
' '
'Building target: Lab5.elf'
'Invoking: ARM v7 gcc linker'
arm-none-eabi-gcc -mcpu=cortex-a9 -mfpu=vfpv3 -mfloat-abi=hard -Wl,-build-id=none -specs=Xilinx.spec -Wl,-T -Wl,../src/lscript.ld -L../../Lab5_bsp/ps7_cortexa9_0/lib -o "Lab5.elf"  ./src/main.o   -Wl,--start-group,-lxil,-lgcc,-lc,--end-group
'Finished building target: Lab5.elf'
' '
'Invoking: ARM v7 Print Size'
arm-none-eabi-size Lab5.elf  |tee "Lab5.elf.size"
   text	   data	    bss	    dec	    hex	filename
  20332	   1148	  22568	  44048	   ac10	Lab5.elf
'Finished building: Lab5.elf.size'
' '
09:23:42 **** Auto Build of configuration Debug for project Lab5 ****
make pre-build main-build 
a9-linaro-pre-build-step
' '
'Building file: ../src/main.c'
'Invoking: ARM v7 gcc compiler'
arm-none-eabi-gcc -Wall -O0 -g3 -c -fmessage-length=0 -MT"src/main.o" -mcpu=cortex-a9 -mfpu=vfpv3 -mfloat-abi=hard -I../../Lab5_bsp/ps7_cortexa9_0/include -MMD -MP -MF"src/main.d" -MT"src/main.o" -o "src/main.o" "../src/main.c"
../src/main.c:149:6: warning: return type of 'main' is not 'int' [-Wmain]
 void main()
      ^~~~
../src/main.c: In function 'msleep':
../src/main.c:147:1: warning: control reaches end of non-void function [-Wreturn-type]
 }
 ^
'Finished building: ../src/main.c'
' '
'Building target: Lab5.elf'
'Invoking: ARM v7 gcc linker'
arm-none-eabi-gcc -mcpu=cortex-a9 -mfpu=vfpv3 -mfloat-abi=hard -Wl,-build-id=none -specs=Xilinx.spec -Wl,-T -Wl,../src/lscript.ld -L../../Lab5_bsp/ps7_cortexa9_0/lib -o "Lab5.elf"  ./src/main.o   -Wl,--start-group,-lxil,-lgcc,-lc,--end-group
'Finished building target: Lab5.elf'
' '
'Invoking: ARM v7 Print Size'
arm-none-eabi-size Lab5.elf  |tee "Lab5.elf.size"
   text	   data	    bss	    dec	    hex	filename
  20340	   1148	  22568	  44056	   ac18	Lab5.elf
'Finished building: Lab5.elf.size'
' '
09:28:03 **** Incremental Build of configuration Debug for project Lab5 ****
make pre-build main-build 
a9-linaro-pre-build-step
' '
make: Nothing to be done for `main-build'.
09:28:26 **** Auto Build of configuration Debug for project Lab5 ****
make pre-build main-build 
a9-linaro-pre-build-step
' '
'Building file: ../src/main.c'
'Invoking: ARM v7 gcc compiler'
arm-none-eabi-gcc -Wall -O0 -g3 -c -fmessage-length=0 -MT"src/main.o" -mcpu=cortex-a9 -mfpu=vfpv3 -mfloat-abi=hard -I../../Lab5_bsp/ps7_cortexa9_0/include -MMD -MP -MF"src/main.d" -MT"src/main.o" -o "src/main.o" "../src/main.c"
../src/main.c:149:6: warning: return type of 'main' is not 'int' [-Wmain]
 void main()
      ^~~~
../src/main.c: In function 'msleep':
../src/main.c:147:1: warning: control reaches end of non-void function [-Wreturn-type]
 }
 ^
'Finished building: ../src/main.c'
' '
'Building target: Lab5.elf'
'Invoking: ARM v7 gcc linker'
arm-none-eabi-gcc -mcpu=cortex-a9 -mfpu=vfpv3 -mfloat-abi=hard -Wl,-build-id=none -specs=Xilinx.spec -Wl,-T -Wl,../src/lscript.ld -L../../Lab5_bsp/ps7_cortexa9_0/lib -o "Lab5.elf"  ./src/main.o   -Wl,--start-group,-lxil,-lgcc,-lc,--end-group
'Finished building target: Lab5.elf'
' '
'Invoking: ARM v7 Print Size'
arm-none-eabi-size Lab5.elf  |tee "Lab5.elf.size"
   text	   data	    bss	    dec	    hex	filename
  20340	   1148	  22568	  44056	   ac18	Lab5.elf
'Finished building: Lab5.elf.size'
' '
09:28:42 **** Auto Build of configuration Debug for project Lab5 ****
make pre-build main-build 
a9-linaro-pre-build-step
' '
'Building file: ../src/main.c'
'Invoking: ARM v7 gcc compiler'
arm-none-eabi-gcc -Wall -O0 -g3 -c -fmessage-length=0 -MT"src/main.o" -mcpu=cortex-a9 -mfpu=vfpv3 -mfloat-abi=hard -I../../Lab5_bsp/ps7_cortexa9_0/include -MMD -MP -MF"src/main.d" -MT"src/main.o" -o "src/main.o" "../src/main.c"
../src/main.c:149:6: warning: return type of 'main' is not 'int' [-Wmain]
 void main()
      ^~~~
../src/main.c: In function 'msleep':
../src/main.c:147:1: warning: control reaches end of non-void function [-Wreturn-type]
 }
 ^
'Finished building: ../src/main.c'
' '
'Building target: Lab5.elf'
'Invoking: ARM v7 gcc linker'
arm-none-eabi-gcc -mcpu=cortex-a9 -mfpu=vfpv3 -mfloat-abi=hard -Wl,-build-id=none -specs=Xilinx.spec -Wl,-T -Wl,../src/lscript.ld -L../../Lab5_bsp/ps7_cortexa9_0/lib -o "Lab5.elf"  ./src/main.o   -Wl,--start-group,-lxil,-lgcc,-lc,--end-group
'Finished building target: Lab5.elf'
' '
'Invoking: ARM v7 Print Size'
arm-none-eabi-size Lab5.elf  |tee "Lab5.elf.size"
   text	   data	    bss	    dec	    hex	filename
  20168	   1148	  22568	  43884	   ab6c	Lab5.elf
'Finished building: Lab5.elf.size'
' '
09:28:45 **** Incremental Build of configuration Debug for project Lab5 ****
make pre-build main-build 
a9-linaro-pre-build-step
' '
make: Nothing to be done for `main-build'.
09:28:58 **** Auto Build of configuration Debug for project Lab5 ****
make pre-build main-build 
a9-linaro-pre-build-step
' '
'Building file: ../src/main.c'
'Invoking: ARM v7 gcc compiler'
arm-none-eabi-gcc -Wall -O0 -g3 -c -fmessage-length=0 -MT"src/main.o" -mcpu=cortex-a9 -mfpu=vfpv3 -mfloat-abi=hard -I../../Lab5_bsp/ps7_cortexa9_0/include -MMD -MP -MF"src/main.d" -MT"src/main.o" -o "src/main.o" "../src/main.c"
../src/main.c:149:6: warning: return type of 'main' is not 'int' [-Wmain]
 void main()
      ^~~~
../src/main.c: In function 'msleep':
../src/main.c:147:1: warning: control reaches end of non-void function [-Wreturn-type]
 }
 ^
'Finished building: ../src/main.c'
' '
'Building target: Lab5.elf'
'Invoking: ARM v7 gcc linker'
arm-none-eabi-gcc -mcpu=cortex-a9 -mfpu=vfpv3 -mfloat-abi=hard -Wl,-build-id=none -specs=Xilinx.spec -Wl,-T -Wl,../src/lscript.ld -L../../Lab5_bsp/ps7_cortexa9_0/lib -o "Lab5.elf"  ./src/main.o   -Wl,--start-group,-lxil,-lgcc,-lc,--end-group
'Finished building target: Lab5.elf'
' '
'Invoking: ARM v7 Print Size'
arm-none-eabi-size Lab5.elf  |tee "Lab5.elf.size"
   text	   data	    bss	    dec	    hex	filename
  20164	   1148	  22568	  43880	   ab68	Lab5.elf
'Finished building: Lab5.elf.size'
' '
09:29:02 **** Incremental Build of configuration Debug for project Lab5 ****
make pre-build main-build 
a9-linaro-pre-build-step
' '
make: Nothing to be done for `main-build'.
09:30:55 **** Auto Build of configuration Debug for project Lab5 ****
make pre-build main-build 
a9-linaro-pre-build-step
' '
'Building file: ../src/main.c'
'Invoking: ARM v7 gcc compiler'
arm-none-eabi-gcc -Wall -O0 -g3 -c -fmessage-length=0 -MT"src/main.o" -mcpu=cortex-a9 -mfpu=vfpv3 -mfloat-abi=hard -I../../Lab5_bsp/ps7_cortexa9_0/include -MMD -MP -MF"src/main.d" -MT"src/main.o" -o "src/main.o" "../src/main.c"
../src/main.c:149:6: warning: return type of 'main' is not 'int' [-Wmain]
 void main()
      ^~~~
../src/main.c: In function 'msleep':
../src/main.c:147:1: warning: control reaches end of non-void function [-Wreturn-type]
 }
 ^
'Finished building: ../src/main.c'
' '
'Building target: Lab5.elf'
'Invoking: ARM v7 gcc linker'
arm-none-eabi-gcc -mcpu=cortex-a9 -mfpu=vfpv3 -mfloat-abi=hard -Wl,-build-id=none -specs=Xilinx.spec -Wl,-T -Wl,../src/lscript.ld -L../../Lab5_bsp/ps7_cortexa9_0/lib -o "Lab5.elf"  ./src/main.o   -Wl,--start-group,-lxil,-lgcc,-lc,--end-group
'Finished building target: Lab5.elf'
' '
'Invoking: ARM v7 Print Size'
arm-none-eabi-size Lab5.elf  |tee "Lab5.elf.size"
   text	   data	    bss	    dec	    hex	filename
  20164	   1148	  22568	  43880	   ab68	Lab5.elf
'Finished building: Lab5.elf.size'
' '
09:37:19 **** Incremental Build of configuration Debug for project Lab5 ****
make pre-build main-build 
a9-linaro-pre-build-step
' '
make: Nothing to be done for `main-build'.
10:39:11 **** Auto Build of configuration Debug for project Lab5 ****
make pre-build main-build 
a9-linaro-pre-build-step
' '
'Building file: ../src/main.c'
'Invoking: ARM v7 gcc compiler'
arm-none-eabi-gcc -Wall -O0 -g3 -c -fmessage-length=0 -MT"src/main.o" -mcpu=cortex-a9 -mfpu=vfpv3 -mfloat-abi=hard -I../../Lab5_bsp/ps7_cortexa9_0/include -MMD -MP -MF"src/main.d" -MT"src/main.o" -o "src/main.o" "../src/main.c"
../src/main.c:202:6: warning: return type of 'main' is not 'int' [-Wmain]
 void main()
      ^~~~
../src/main.c: In function 'set_Clock_Wizard':
../src/main.c:93:1: warning: control reaches end of non-void function [-Wreturn-type]
 }
 ^
../src/main.c: In function 'msleep':
../src/main.c:200:1: warning: control reaches end of non-void function [-Wreturn-type]
 }
 ^
'Finished building: ../src/main.c'
' '
'Building target: Lab5.elf'
'Invoking: ARM v7 gcc linker'
arm-none-eabi-gcc -mcpu=cortex-a9 -mfpu=vfpv3 -mfloat-abi=hard -Wl,-build-id=none -specs=Xilinx.spec -Wl,-T -Wl,../src/lscript.ld -L../../Lab5_bsp/ps7_cortexa9_0/lib -o "Lab5.elf"  ./src/main.o   -Wl,--start-group,-lxil,-lgcc,-lc,--end-group
'Finished building target: Lab5.elf'
' '
'Invoking: ARM v7 Print Size'
arm-none-eabi-size Lab5.elf  |tee "Lab5.elf.size"
   text	   data	    bss	    dec	    hex	filename
  20412	   1148	  22568	  44128	   ac60	Lab5.elf
'Finished building: Lab5.elf.size'
' '
11:03:48 **** Auto Build of configuration Debug for project Lab5 ****
make pre-build main-build 
a9-linaro-pre-build-step
' '
'Building file: ../src/main.c'
'Invoking: ARM v7 gcc compiler'
arm-none-eabi-gcc -Wall -O0 -g3 -c -fmessage-length=0 -MT"src/main.o" -mcpu=cortex-a9 -mfpu=vfpv3 -mfloat-abi=hard -I../../Lab5_bsp/ps7_cortexa9_0/include -MMD -MP -MF"src/main.d" -MT"src/main.o" -o "src/main.o" "../src/main.c"
../src/main.c:246:6: warning: return type of 'main' is not 'int' [-Wmain]
 void main()
      ^~~~
../src/main.c: In function 'set_Clock_Wizard':
../src/main.c:137:1: warning: control reaches end of non-void function [-Wreturn-type]
 }
 ^
../src/main.c: In function 'msleep':
../src/main.c:244:1: warning: control reaches end of non-void function [-Wreturn-type]
 }
 ^
'Finished building: ../src/main.c'
' '
'Building target: Lab5.elf'
'Invoking: ARM v7 gcc linker'
arm-none-eabi-gcc -mcpu=cortex-a9 -mfpu=vfpv3 -mfloat-abi=hard -Wl,-build-id=none -specs=Xilinx.spec -Wl,-T -Wl,../src/lscript.ld -L../../Lab5_bsp/ps7_cortexa9_0/lib -o "Lab5.elf"  ./src/main.o   -Wl,--start-group,-lxil,-lgcc,-lc,--end-group
'Finished building target: Lab5.elf'
' '
'Invoking: ARM v7 Print Size'
arm-none-eabi-size Lab5.elf  |tee "Lab5.elf.size"
   text	   data	    bss	    dec	    hex	filename
  20724	   1148	  22568	  44440	   ad98	Lab5.elf
'Finished building: Lab5.elf.size'
' '
11:04:09 **** Auto Build of configuration Debug for project Lab5 ****
make pre-build main-build 
a9-linaro-pre-build-step
' '
'Building file: ../src/main.c'
'Invoking: ARM v7 gcc compiler'
arm-none-eabi-gcc -Wall -O0 -g3 -c -fmessage-length=0 -MT"src/main.o" -mcpu=cortex-a9 -mfpu=vfpv3 -mfloat-abi=hard -I../../Lab5_bsp/ps7_cortexa9_0/include -MMD -MP -MF"src/main.d" -MT"src/main.o" -o "src/main.o" "../src/main.c"
../src/main.c:248:6: warning: return type of 'main' is not 'int' [-Wmain]
 void main()
      ^~~~
../src/main.c: In function 'msleep':
../src/main.c:246:1: warning: control reaches end of non-void function [-Wreturn-type]
 }
 ^
'Finished building: ../src/main.c'
' '
'Building target: Lab5.elf'
'Invoking: ARM v7 gcc linker'
arm-none-eabi-gcc -mcpu=cortex-a9 -mfpu=vfpv3 -mfloat-abi=hard -Wl,-build-id=none -specs=Xilinx.spec -Wl,-T -Wl,../src/lscript.ld -L../../Lab5_bsp/ps7_cortexa9_0/lib -o "Lab5.elf"  ./src/main.o   -Wl,--start-group,-lxil,-lgcc,-lc,--end-group
'Finished building target: Lab5.elf'
' '
'Invoking: ARM v7 Print Size'
arm-none-eabi-size Lab5.elf  |tee "Lab5.elf.size"
   text	   data	    bss	    dec	    hex	filename
  20728	   1148	  22568	  44444	   ad9c	Lab5.elf
'Finished building: Lab5.elf.size'
' '
11:05:27 **** Auto Build of configuration Debug for project Lab5 ****
make pre-build main-build 
a9-linaro-pre-build-step
' '
'Building file: ../src/main.c'
'Invoking: ARM v7 gcc compiler'
arm-none-eabi-gcc -Wall -O0 -g3 -c -fmessage-length=0 -MT"src/main.o" -mcpu=cortex-a9 -mfpu=vfpv3 -mfloat-abi=hard -I../../Lab5_bsp/ps7_cortexa9_0/include -MMD -MP -MF"src/main.d" -MT"src/main.o" -o "src/main.o" "../src/main.c"
../src/main.c:248:6: warning: return type of 'main' is not 'int' [-Wmain]
 void main()
      ^~~~
../src/main.c: In function 'msleep':
../src/main.c:246:1: warning: control reaches end of non-void function [-Wreturn-type]
 }
 ^
'Finished building: ../src/main.c'
' '
'Building target: Lab5.elf'
'Invoking: ARM v7 gcc linker'
arm-none-eabi-gcc -mcpu=cortex-a9 -mfpu=vfpv3 -mfloat-abi=hard -Wl,-build-id=none -specs=Xilinx.spec -Wl,-T -Wl,../src/lscript.ld -L../../Lab5_bsp/ps7_cortexa9_0/lib -o "Lab5.elf"  ./src/main.o   -Wl,--start-group,-lxil,-lgcc,-lc,--end-group
'Finished building target: Lab5.elf'
' '
'Invoking: ARM v7 Print Size'
arm-none-eabi-size Lab5.elf  |tee "Lab5.elf.size"
   text	   data	    bss	    dec	    hex	filename
  20768	   1148	  22568	  44484	   adc4	Lab5.elf
'Finished building: Lab5.elf.size'
' '
11:06:14 **** Incremental Build of configuration Debug for project Lab5 ****
make pre-build main-build 
a9-linaro-pre-build-step
' '
make: Nothing to be done for `main-build'.
11:06:36 **** Incremental Build of configuration Debug for project Lab5 ****
make pre-build main-build 
a9-linaro-pre-build-step
' '
make: Nothing to be done for `main-build'.
11:07:06 **** Incremental Build of configuration Debug for project Lab5 ****
make pre-build main-build 
a9-linaro-pre-build-step
' '
make: Nothing to be done for `main-build'.
11:09:40 **** Auto Build of configuration Debug for project Lab5 ****
make pre-build main-build 
a9-linaro-pre-build-step
' '
'Building file: ../src/main.c'
'Invoking: ARM v7 gcc compiler'
arm-none-eabi-gcc -Wall -O0 -g3 -c -fmessage-length=0 -MT"src/main.o" -mcpu=cortex-a9 -mfpu=vfpv3 -mfloat-abi=hard -I../../Lab5_bsp/ps7_cortexa9_0/include -MMD -MP -MF"src/main.d" -MT"src/main.o" -o "src/main.o" "../src/main.c"
../src/main.c:248:6: warning: return type of 'main' is not 'int' [-Wmain]
 void main()
      ^~~~
../src/main.c: In function 'msleep':
../src/main.c:246:1: warning: control reaches end of non-void function [-Wreturn-type]
 }
 ^
'Finished building: ../src/main.c'
' '
'Building target: Lab5.elf'
'Invoking: ARM v7 gcc linker'
arm-none-eabi-gcc -mcpu=cortex-a9 -mfpu=vfpv3 -mfloat-abi=hard -Wl,-build-id=none -specs=Xilinx.spec -Wl,-T -Wl,../src/lscript.ld -L../../Lab5_bsp/ps7_cortexa9_0/lib -o "Lab5.elf"  ./src/main.o   -Wl,--start-group,-lxil,-lgcc,-lc,--end-group
'Finished building target: Lab5.elf'
' '
'Invoking: ARM v7 Print Size'
arm-none-eabi-size Lab5.elf  |tee "Lab5.elf.size"
   text	   data	    bss	    dec	    hex	filename
  20768	   1148	  22568	  44484	   adc4	Lab5.elf
'Finished building: Lab5.elf.size'
' '
11:09:46 **** Incremental Build of configuration Debug for project Lab5 ****
make pre-build main-build 
a9-linaro-pre-build-step
' '
make: Nothing to be done for `main-build'.
11:10:34 **** Auto Build of configuration Debug for project Lab5 ****
make pre-build main-build 
a9-linaro-pre-build-step
' '
'Building file: ../src/main.c'
'Invoking: ARM v7 gcc compiler'
arm-none-eabi-gcc -Wall -O0 -g3 -c -fmessage-length=0 -MT"src/main.o" -mcpu=cortex-a9 -mfpu=vfpv3 -mfloat-abi=hard -I../../Lab5_bsp/ps7_cortexa9_0/include -MMD -MP -MF"src/main.d" -MT"src/main.o" -o "src/main.o" "../src/main.c"
../src/main.c:241:6: warning: return type of 'main' is not 'int' [-Wmain]
 void main()
      ^~~~
../src/main.c: In function 'msleep':
../src/main.c:239:1: warning: control reaches end of non-void function [-Wreturn-type]
 }
 ^
'Finished building: ../src/main.c'
' '
'Building target: Lab5.elf'
'Invoking: ARM v7 gcc linker'
arm-none-eabi-gcc -mcpu=cortex-a9 -mfpu=vfpv3 -mfloat-abi=hard -Wl,-build-id=none -specs=Xilinx.spec -Wl,-T -Wl,../src/lscript.ld -L../../Lab5_bsp/ps7_cortexa9_0/lib -o "Lab5.elf"  ./src/main.o   -Wl,--start-group,-lxil,-lgcc,-lc,--end-group
'Finished building target: Lab5.elf'
' '
'Invoking: ARM v7 Print Size'
arm-none-eabi-size Lab5.elf  |tee "Lab5.elf.size"
   text	   data	    bss	    dec	    hex	filename
  20764	   1148	  22568	  44480	   adc0	Lab5.elf
'Finished building: Lab5.elf.size'
' '
11:10:45 **** Auto Build of configuration Debug for project Lab5 ****
make pre-build main-build 
a9-linaro-pre-build-step
' '
'Building file: ../src/main.c'
'Invoking: ARM v7 gcc compiler'
arm-none-eabi-gcc -Wall -O0 -g3 -c -fmessage-length=0 -MT"src/main.o" -mcpu=cortex-a9 -mfpu=vfpv3 -mfloat-abi=hard -I../../Lab5_bsp/ps7_cortexa9_0/include -MMD -MP -MF"src/main.d" -MT"src/main.o" -o "src/main.o" "../src/main.c"
../src/main.c:241:6: warning: return type of 'main' is not 'int' [-Wmain]
 void main()
      ^~~~
../src/main.c: In function 'msleep':
../src/main.c:239:1: warning: control reaches end of non-void function [-Wreturn-type]
 }
 ^
'Finished building: ../src/main.c'
' '
'Building target: Lab5.elf'
'Invoking: ARM v7 gcc linker'
arm-none-eabi-gcc -mcpu=cortex-a9 -mfpu=vfpv3 -mfloat-abi=hard -Wl,-build-id=none -specs=Xilinx.spec -Wl,-T -Wl,../src/lscript.ld -L../../Lab5_bsp/ps7_cortexa9_0/lib -o "Lab5.elf"  ./src/main.o   -Wl,--start-group,-lxil,-lgcc,-lc,--end-group
'Finished building target: Lab5.elf'
' '
'Invoking: ARM v7 Print Size'
arm-none-eabi-size Lab5.elf  |tee "Lab5.elf.size"
   text	   data	    bss	    dec	    hex	filename
  20764	   1148	  22568	  44480	   adc0	Lab5.elf
'Finished building: Lab5.elf.size'
' '
11:10:59 **** Incremental Build of configuration Debug for project Lab5 ****
make pre-build main-build 
a9-linaro-pre-build-step
' '
make: Nothing to be done for `main-build'.
11:11:52 **** Incremental Build of configuration Debug for project Lab5 ****
make pre-build main-build 
a9-linaro-pre-build-step
' '
make: Nothing to be done for `main-build'.
11:12:44 **** Auto Build of configuration Debug for project Lab5 ****
make pre-build main-build 
a9-linaro-pre-build-step
' '
'Building file: ../src/main.c'
'Invoking: ARM v7 gcc compiler'
arm-none-eabi-gcc -Wall -O0 -g3 -c -fmessage-length=0 -MT"src/main.o" -mcpu=cortex-a9 -mfpu=vfpv3 -mfloat-abi=hard -I../../Lab5_bsp/ps7_cortexa9_0/include -MMD -MP -MF"src/main.d" -MT"src/main.o" -o "src/main.o" "../src/main.c"
../src/main.c:241:6: warning: return type of 'main' is not 'int' [-Wmain]
 void main()
      ^~~~
../src/main.c: In function 'msleep':
../src/main.c:239:1: warning: control reaches end of non-void function [-Wreturn-type]
 }
 ^
'Finished building: ../src/main.c'
' '
'Building target: Lab5.elf'
'Invoking: ARM v7 gcc linker'
arm-none-eabi-gcc -mcpu=cortex-a9 -mfpu=vfpv3 -mfloat-abi=hard -Wl,-build-id=none -specs=Xilinx.spec -Wl,-T -Wl,../src/lscript.ld -L../../Lab5_bsp/ps7_cortexa9_0/lib -o "Lab5.elf"  ./src/main.o   -Wl,--start-group,-lxil,-lgcc,-lc,--end-group
'Finished building target: Lab5.elf'
' '
'Invoking: ARM v7 Print Size'
arm-none-eabi-size Lab5.elf  |tee "Lab5.elf.size"
   text	   data	    bss	    dec	    hex	filename
  20764	   1148	  22568	  44480	   adc0	Lab5.elf
'Finished building: Lab5.elf.size'
' '
11:12:50 **** Incremental Build of configuration Debug for project Lab5 ****
make pre-build main-build 
a9-linaro-pre-build-step
' '
make: Nothing to be done for `main-build'.
11:13:43 **** Incremental Build of configuration Debug for project Lab5 ****
make pre-build main-build 
a9-linaro-pre-build-step
' '
make: Nothing to be done for `main-build'.
11:15:07 **** Auto Build of configuration Debug for project Lab5 ****
make pre-build main-build 
a9-linaro-pre-build-step
' '
'Building file: ../src/main.c'
'Invoking: ARM v7 gcc compiler'
arm-none-eabi-gcc -Wall -O0 -g3 -c -fmessage-length=0 -MT"src/main.o" -mcpu=cortex-a9 -mfpu=vfpv3 -mfloat-abi=hard -I../../Lab5_bsp/ps7_cortexa9_0/include -MMD -MP -MF"src/main.d" -MT"src/main.o" -o "src/main.o" "../src/main.c"
../src/main.c:241:6: warning: return type of 'main' is not 'int' [-Wmain]
 void main()
      ^~~~
../src/main.c: In function 'msleep':
../src/main.c:239:1: warning: control reaches end of non-void function [-Wreturn-type]
 }
 ^
'Finished building: ../src/main.c'
' '
'Building target: Lab5.elf'
'Invoking: ARM v7 gcc linker'
arm-none-eabi-gcc -mcpu=cortex-a9 -mfpu=vfpv3 -mfloat-abi=hard -Wl,-build-id=none -specs=Xilinx.spec -Wl,-T -Wl,../src/lscript.ld -L../../Lab5_bsp/ps7_cortexa9_0/lib -o "Lab5.elf"  ./src/main.o   -Wl,--start-group,-lxil,-lgcc,-lc,--end-group
'Finished building target: Lab5.elf'
' '
'Invoking: ARM v7 Print Size'
arm-none-eabi-size Lab5.elf  |tee "Lab5.elf.size"
   text	   data	    bss	    dec	    hex	filename
  20940	   1148	  22568	  44656	   ae70	Lab5.elf
'Finished building: Lab5.elf.size'
' '
11:15:20 **** Incremental Build of configuration Debug for project Lab5 ****
make pre-build main-build 
a9-linaro-pre-build-step
' '
make: Nothing to be done for `main-build'.
11:16:30 **** Auto Build of configuration Debug for project Lab5 ****
make pre-build main-build 
a9-linaro-pre-build-step
' '
'Building file: ../src/main.c'
'Invoking: ARM v7 gcc compiler'
arm-none-eabi-gcc -Wall -O0 -g3 -c -fmessage-length=0 -MT"src/main.o" -mcpu=cortex-a9 -mfpu=vfpv3 -mfloat-abi=hard -I../../Lab5_bsp/ps7_cortexa9_0/include -MMD -MP -MF"src/main.d" -MT"src/main.o" -o "src/main.o" "../src/main.c"
../src/main.c:247:6: warning: return type of 'main' is not 'int' [-Wmain]
 void main()
      ^~~~
../src/main.c: In function 'msleep':
../src/main.c:245:1: warning: control reaches end of non-void function [-Wreturn-type]
 }
 ^
'Finished building: ../src/main.c'
' '
'Building target: Lab5.elf'
'Invoking: ARM v7 gcc linker'
arm-none-eabi-gcc -mcpu=cortex-a9 -mfpu=vfpv3 -mfloat-abi=hard -Wl,-build-id=none -specs=Xilinx.spec -Wl,-T -Wl,../src/lscript.ld -L../../Lab5_bsp/ps7_cortexa9_0/lib -o "Lab5.elf"  ./src/main.o   -Wl,--start-group,-lxil,-lgcc,-lc,--end-group
'Finished building target: Lab5.elf'
' '
'Invoking: ARM v7 Print Size'
arm-none-eabi-size Lab5.elf  |tee "Lab5.elf.size"
   text	   data	    bss	    dec	    hex	filename
  20932	   1148	  22568	  44648	   ae68	Lab5.elf
'Finished building: Lab5.elf.size'
' '
11:16:34 **** Incremental Build of configuration Debug for project Lab5 ****
make pre-build main-build 
a9-linaro-pre-build-step
' '
make: Nothing to be done for `main-build'.
11:17:18 **** Auto Build of configuration Debug for project Lab5 ****
make pre-build main-build 
a9-linaro-pre-build-step
' '
'Building file: ../src/main.c'
'Invoking: ARM v7 gcc compiler'
arm-none-eabi-gcc -Wall -O0 -g3 -c -fmessage-length=0 -MT"src/main.o" -mcpu=cortex-a9 -mfpu=vfpv3 -mfloat-abi=hard -I../../Lab5_bsp/ps7_cortexa9_0/include -MMD -MP -MF"src/main.d" -MT"src/main.o" -o "src/main.o" "../src/main.c"
../src/main.c:247:6: warning: return type of 'main' is not 'int' [-Wmain]
 void main()
      ^~~~
../src/main.c: In function 'msleep':
../src/main.c:245:1: warning: control reaches end of non-void function [-Wreturn-type]
 }
 ^
'Finished building: ../src/main.c'
' '
'Building target: Lab5.elf'
'Invoking: ARM v7 gcc linker'
arm-none-eabi-gcc -mcpu=cortex-a9 -mfpu=vfpv3 -mfloat-abi=hard -Wl,-build-id=none -specs=Xilinx.spec -Wl,-T -Wl,../src/lscript.ld -L../../Lab5_bsp/ps7_cortexa9_0/lib -o "Lab5.elf"  ./src/main.o   -Wl,--start-group,-lxil,-lgcc,-lc,--end-group
'Finished building target: Lab5.elf'
' '
'Invoking: ARM v7 Print Size'
arm-none-eabi-size Lab5.elf  |tee "Lab5.elf.size"
   text	   data	    bss	    dec	    hex	filename
  20756	   1148	  22568	  44472	   adb8	Lab5.elf
'Finished building: Lab5.elf.size'
' '
11:17:21 **** Incremental Build of configuration Debug for project Lab5 ****
make pre-build main-build 
a9-linaro-pre-build-step
' '
make: Nothing to be done for `main-build'.
11:18:06 **** Auto Build of configuration Debug for project Lab5 ****
make pre-build main-build 
a9-linaro-pre-build-step
' '
'Building file: ../src/main.c'
'Invoking: ARM v7 gcc compiler'
arm-none-eabi-gcc -Wall -O0 -g3 -c -fmessage-length=0 -MT"src/main.o" -mcpu=cortex-a9 -mfpu=vfpv3 -mfloat-abi=hard -I../../Lab5_bsp/ps7_cortexa9_0/include -MMD -MP -MF"src/main.d" -MT"src/main.o" -o "src/main.o" "../src/main.c"
../src/main.c:247:6: warning: return type of 'main' is not 'int' [-Wmain]
 void main()
      ^~~~
../src/main.c: In function 'msleep':
../src/main.c:245:1: warning: control reaches end of non-void function [-Wreturn-type]
 }
 ^
'Finished building: ../src/main.c'
' '
'Building target: Lab5.elf'
'Invoking: ARM v7 gcc linker'
arm-none-eabi-gcc -mcpu=cortex-a9 -mfpu=vfpv3 -mfloat-abi=hard -Wl,-build-id=none -specs=Xilinx.spec -Wl,-T -Wl,../src/lscript.ld -L../../Lab5_bsp/ps7_cortexa9_0/lib -o "Lab5.elf"  ./src/main.o   -Wl,--start-group,-lxil,-lgcc,-lc,--end-group
'Finished building target: Lab5.elf'
' '
'Invoking: ARM v7 Print Size'
arm-none-eabi-size Lab5.elf  |tee "Lab5.elf.size"
   text	   data	    bss	    dec	    hex	filename
  20932	   1148	  22568	  44648	   ae68	Lab5.elf
'Finished building: Lab5.elf.size'
' '
