11:18:06 **** Auto Build of configuration Debug for project Lab5 ****
make pre-build main-build 
a9-linaro-pre-build-step
' '
'Building file: ../src/main.c'
'Invoking: ARM v7 gcc compiler'
arm-none-eabi-gcc -Wall -O0 -g3 -c -fmessage-length=0 -MT"src/main.o" -mcpu=cortex-a9 -mfpu=vfpv3 -mfloat-abi=hard -I../../Lab5_bsp/ps7_cortexa9_0/include -MMD -MP -MF"src/main.d" -MT"src/main.o" -o "src/main.o" "../src/main.c"
../src/main.c:247:6: warning: return type of 'main' is not 'int' [-Wmain]
 void main()
      ^~~~
../src/main.c: In function 'msleep':
../src/main.c:245:1: warning: control reaches end of non-void function [-Wreturn-type]
 }
 ^
'Finished building: ../src/main.c'
' '
'Building target: Lab5.elf'
'Invoking: ARM v7 gcc linker'
arm-none-eabi-gcc -mcpu=cortex-a9 -mfpu=vfpv3 -mfloat-abi=hard -Wl,-build-id=none -specs=Xilinx.spec -Wl,-T -Wl,../src/lscript.ld -L../../Lab5_bsp/ps7_cortexa9_0/lib -o "Lab5.elf"  ./src/main.o   -Wl,--start-group,-lxil,-lgcc,-lc,--end-group
'Finished building target: Lab5.elf'
' '
'Invoking: ARM v7 Print Size'
arm-none-eabi-size Lab5.elf  |tee "Lab5.elf.size"
   text	   data	    bss	    dec	    hex	filename
  20932	   1148	  22568	  44648	   ae68	Lab5.elf
'Finished building: Lab5.elf.size'
' '

11:18:08 Build Finished (took 1s.632ms)

